// Jest Snapshot v1, https://goo.gl/fbAQLP

exports[`parseLicense of project1 1`] = `
Object {
  "hasMultipleLicenses": true,
  "licenses": Array [
    Object {
      "from": "package.json",
      "spdx": Object {
        "fsf": true,
        "fsfAndOsi": true,
        "includesDeprecated": false,
        "osi": true,
      },
      "spdxLicenseLinks": Array [
        "https://spdx.org/licenses/ISC.html#licenseText",
      ],
      "uniqueLicenseIds": Array [
        "ISC",
      ],
    },
    Object {
      "from": "LICENSE",
      "spdx": Object {
        "fsf": true,
        "fsfAndOsi": true,
        "includesDeprecated": false,
        "osi": true,
      },
      "spdxLicenseLinks": Array [
        "https://spdx.org/licenses/MIT.html#licenseText",
      ],
      "uniqueLicenseIds": Array [
        "MIT",
      ],
    },
  ],
  "uniqueLicenseIds": Array [
    "ISC",
    "MIT",
  ],
}
`;
